[2026-01-06 17:55:49.191] POST   | https://dev-api-yodadiagnostics.yodaprojects.com/otps/getOtp                                                             |   982 ms | Status: PASS
[2026-01-06 17:55:49.426] POST   | https://dev-api-yodadiagnostics.yodaprojects.com/otps/getOtp                                                             |   220 ms | Status: PASS
[2026-01-06 17:55:49.905] POST   | https://dev-api-yodadiagnostics.yodaprojects.com/otps/getOtp                                                             |   347 ms | Status: PASS
[2026-01-06 17:55:50.110] POST   | https://dev-api-yodadiagnostics.yodaprojects.com/otps/getOtp                                                             |   188 ms | Status: PASS
[2026-01-06 17:55:50.354] POST   | https://dev-api-yodadiagnostics.yodaprojects.com/otps/getOtp                                                             |   178 ms | Status: PASS
[2026-01-06 17:55:50.942] POST   | https://dev-api-yodadiagnostics.yodaprojects.com/otps/getOtp                                                             |   580 ms | Status: PASS
[2026-01-06 17:55:51.215] POST   | /address/addAddress                                                                                                      |   224 ms | Status: PASS
[2026-01-06 17:55:51.583] POST   | https://dev-api-yodadiagnostics.yodaprojects.com/otps/getOtp                                                             |   341 ms | Status: PASS
[2026-01-06 17:55:51.765] POST   | https://dev-api-yodadiagnostics.yodaprojects.com/otps/getOtp                                                             |   165 ms | Status: PASS
[2026-01-06 17:55:52.153] POST   | https://dev-api-yodadiagnostics.yodaprojects.com/otps/getOtp                                                             |   352 ms | Status: PASS
[2026-01-06 17:55:52.374] POST   | https://dev-api-yodadiagnostics.yodaprojects.com/otps/getOtp                                                             |   203 ms | Status: PASS
[2026-01-06 17:55:52.738] POST   | https://dev-api-yodadiagnostics.yodaprojects.com/gateway/getPaymentById                                                  |   331 ms | Status: PASS
[2026-01-06 17:55:53.338] POST   | https://dev-api-yodadiagnostics.yodaprojects.com/otps/getOtp                                                             |   572 ms | Status: PASS
[2026-01-06 17:55:53.533] POST   | https://dev-api-yodadiagnostics.yodaprojects.com/otps/getOtp                                                             |   181 ms | Status: PASS
[2026-01-06 17:55:54.330] POST   | https://dev-api-yodadiagnostics.yodaprojects.com/phlebo/loginPhlebo                                                      |   769 ms | Status: PASS
[2026-01-06 17:55:55.209] POST   | https://dev-api-yodadiagnostics.yodaprojects.com/otps/getOtp                                                             |   176 ms | Status: PASS
[2026-01-06 17:55:55.528] POST   | https://dev-api-yodadiagnostics.yodaprojects.com/otps/getOtp                                                             |   311 ms | Status: PASS
[2026-01-06 17:55:55.734] POST   | https://dev-api-yodadiagnostics.yodaprojects.com/otps/getOtp                                                             |   176 ms | Status: PASS
[2026-01-06 17:55:56.302] POST   | https://dev-api-yodadiagnostics.yodaprojects.com/otps/getOtp                                                             |   556 ms | Status: PASS
[2026-01-06 17:55:56.512] POST   | https://dev-api-yodadiagnostics.yodaprojects.com/otps/getOtp                                                             |   178 ms | Status: PASS
[2026-01-06 17:55:56.678] POST   | https://dev-api-yodadiagnostics.yodaprojects.com/otps/getOtp                                                             |   159 ms | Status: PASS
[2026-01-06 17:55:57.025] POST   | https://dev-api-yodadiagnostics.yodaprojects.com/otps/getOtp                                                             |   298 ms | Status: PASS
[2026-01-06 17:55:57.214] POST   | https://dev-api-yodadiagnostics.yodaprojects.com/otps/getOtp                                                             |   180 ms | Status: PASS
[2026-01-06 17:55:57.830] POST   | https://dev-api-yodadiagnostics.yodaprojects.com/otps/getOtp                                                             |   576 ms | Status: PASS
[2026-01-06 17:55:58.010] POST   | https://dev-api-yodadiagnostics.yodaprojects.com/otps/getOtp                                                             |   170 ms | Status: PASS
[2026-01-06 17:55:59.085] POST   | https://dev-api-yodadiagnostics.yodaprojects.com/order_tracking/admin/verifyotp                                          |  1056 ms | Status: PASS
[2026-01-06 17:55:59.483] POST   | https://dev-api-yodadiagnostics.yodaprojects.com/otps/getOtp                                                             |   386 ms | Status: PASS
[2026-01-06 17:55:59.654] POST   | https://dev-api-yodadiagnostics.yodaprojects.com/otps/getOtp                                                             |   161 ms | Status: PASS
[2026-01-06 17:55:59.877] GET    | https://dev-api-yodadiagnostics.yodaprojects.com/tests/getSampleType                                                     |   198 ms | Status: PASS
[2026-01-06 17:56:00.079] POST   | https://dev-api-yodadiagnostics.yodaprojects.com/otps/getOtp                                                             |   188 ms | Status: PASS
[2026-01-06 17:56:00.270] POST   | https://dev-api-yodadiagnostics.yodaprojects.com/otps/getOtp                                                             |   183 ms | Status: PASS
[2026-01-06 17:56:00.624] POST   | https://dev-api-yodadiagnostics.yodaprojects.com/otps/getOtp                                                             |   326 ms | Status: PASS
[2026-01-06 17:56:00.934] POST   | https://dev-api-yodadiagnostics.yodaprojects.com/otps/getOtp                                                             |   303 ms | Status: PASS
[2026-01-06 17:56:01.136] POST   | https://dev-api-yodadiagnostics.yodaprojects.com/otps/getOtp                                                             |   172 ms | Status: PASS
[2026-01-06 17:56:01.301] POST   | https://dev-api-yodadiagnostics.yodaprojects.com/otps/getOtp                                                             |   154 ms | Status: PASS
[2026-01-06 17:56:01.507] POST   | https://dev-api-yodadiagnostics.yodaprojects.com/otps/getOtp                                                             |   179 ms | Status: PASS
[2026-01-06 17:56:01.686] POST   | https://dev-api-yodadiagnostics.yodaprojects.com/otps/getOtp                                                             |   172 ms | Status: PASS
[2026-01-06 17:56:57.821] POST   | https://dev-api-yodadiagnostics.yodaprojects.com/otps/getOtp                                                             |   951 ms | Status: PASS
[2026-01-06 17:56:58.028] POST   | https://dev-api-yodadiagnostics.yodaprojects.com/otps/getOtp                                                             |   191 ms | Status: PASS
[2026-01-06 17:56:58.305] POST   | /address/addAddress                                                                                                      |   176 ms | Status: PASS
[2026-01-06 17:56:58.519] POST   | https://dev-api-yodadiagnostics.yodaprojects.com/gateway/getPaymentById                                                  |   180 ms | Status: PASS
[2026-01-06 17:56:58.853] POST   | https://dev-api-yodadiagnostics.yodaprojects.com/phlebo/loginPhlebo                                                      |   300 ms | Status: PASS
[2026-01-06 17:57:00.542] POST   | https://dev-api-yodadiagnostics.yodaprojects.com/order_tracking/admin/verifyotp                                          |   220 ms | Status: PASS
[2026-01-06 17:57:00.783] GET    | https://dev-api-yodadiagnostics.yodaprojects.com/tests/getSampleType                                                     |   218 ms | Status: PASS
[2026-01-06 17:58:35.165] POST   | https://dev-api-yodadiagnostics.yodaprojects.com/otps/getOtp                                                             |   969 ms | Status: PASS
[2026-01-06 17:58:35.375] POST   | https://dev-api-yodadiagnostics.yodaprojects.com/otps/getOtp                                                             |   198 ms | Status: PASS
[2026-01-06 17:58:35.731] POST   | /address/addAddress                                                                                                      |   298 ms | Status: PASS
[2026-01-06 17:58:36.149] POST   | https://dev-api-yodadiagnostics.yodaprojects.com/gateway/getPaymentById                                                  |   356 ms | Status: PASS
[2026-01-06 17:58:36.711] POST   | https://dev-api-yodadiagnostics.yodaprojects.com/phlebo/loginPhlebo                                                      |   539 ms | Status: PASS
[2026-01-06 17:58:37.747] POST   | https://dev-api-yodadiagnostics.yodaprojects.com/order_tracking/admin/verifyotp                                          |   358 ms | Status: PASS
[2026-01-06 17:58:37.945] GET    | https://dev-api-yodadiagnostics.yodaprojects.com/tests/getSampleType                                                     |   176 ms | Status: PASS
[2026-01-06 18:01:09.457] POST   | /otps/getOtp                                                                                                             |  1470 ms | Status: PASS
[2026-01-06 18:01:09.938] POST   | /otps/getOtp                                                                                                             |   457 ms | Status: PASS
[2026-01-06 18:01:11.570] POST   | /carts/v2/addCart                                                                                                        |   350 ms | Status: PASS
[2026-01-06 18:01:11.838] GET    | /carts/v2/getCartById/6a7b0214-b5f0-4e9b-b6c4-cd6123898ed3                                                               |   225 ms | Status: PASS
[2026-01-06 18:01:12.144] POST   | /address/addAddress                                                                                                      |   233 ms | Status: PASS
[2026-01-06 18:01:12.511] GET    | /address/getAddressByUserId/6a7b0214-b5f0-4e9b-b6c4-cd6123898ed3                                                         |   348 ms | Status: PASS
[2026-01-06 18:01:12.937] POST   | /slot/getSlotCountByTime                                                                                                 |   234 ms | Status: PASS
[2026-01-06 18:01:13.300] GET    | /carts/v2/getCartById/6a7b0214-b5f0-4e9b-b6c4-cd6123898ed3                                                               |   328 ms | Status: PASS
[2026-01-06 18:01:13.550] POST   | /gateway/v2/VerifyPayment                                                                                                |   211 ms | Status: PASS
[2026-01-06 18:01:13.919] POST   | https://dev-api-yodadiagnostics.yodaprojects.com/gateway/getPaymentById                                                  |   355 ms | Status: PASS
[2026-01-06 18:01:14.496] POST   | https://dev-api-yodadiagnostics.yodaprojects.com/phlebo/loginPhlebo                                                      |   559 ms | Status: PASS
[2026-01-06 18:01:15.010] POST   | https://dev-api-yodadiagnostics.yodaprojects.com/order_tracking/admin/verifyotp                                          |   396 ms | Status: PASS
[2026-01-06 18:01:15.592] GET    | https://dev-api-yodadiagnostics.yodaprojects.com/tests/getSampleType                                                     |   567 ms | Status: PASS
[2026-01-06 18:01:15.818] POST   | https://dev-api-yodadiagnostics.yodaprojects.com/order_tracking/updateOrderTracking                                      |   193 ms | Status: PASS
[2026-01-06 18:02:27.760] POST   | /otps/getOtp                                                                                                             |  1499 ms | Status: PASS
[2026-01-06 18:02:28.191] POST   | /otps/getOtp                                                                                                             |   395 ms | Status: PASS
[2026-01-06 18:02:30.927] POST   | /carts/v2/addCart                                                                                                        |   209 ms | Status: PASS
[2026-01-06 18:02:31.320] GET    | /carts/v2/getCartById/6a7b0214-b5f0-4e9b-b6c4-cd6123898ed3                                                               |   321 ms | Status: PASS
[2026-01-06 18:02:32.071] POST   | /address/addAddress                                                                                                      |   576 ms | Status: PASS
[2026-01-06 18:02:32.402] GET    | /address/getAddressByUserId/6a7b0214-b5f0-4e9b-b6c4-cd6123898ed3                                                         |   312 ms | Status: PASS
[2026-01-06 18:02:33.805] POST   | /slot/getSlotCountByTime                                                                                                 |  1086 ms | Status: PASS
[2026-01-06 18:02:34.339] GET    | /carts/v2/getCartById/6a7b0214-b5f0-4e9b-b6c4-cd6123898ed3                                                               |   461 ms | Status: PASS
[2026-01-06 18:02:34.802] POST   | /gateway/v2/VerifyPayment                                                                                                |   356 ms | Status: PASS
[2026-01-06 18:02:35.278] POST   | https://dev-api-yodadiagnostics.yodaprojects.com/gateway/getPaymentById                                                  |   354 ms | Status: PASS
[2026-01-06 18:02:35.770] POST   | https://dev-api-yodadiagnostics.yodaprojects.com/phlebo/loginPhlebo                                                      |   447 ms | Status: PASS
[2026-01-06 18:02:36.244] POST   | https://dev-api-yodadiagnostics.yodaprojects.com/order_tracking/admin/verifyotp                                          |   312 ms | Status: PASS
[2026-01-06 18:02:36.923] GET    | https://dev-api-yodadiagnostics.yodaprojects.com/tests/getSampleType                                                     |   645 ms | Status: PASS
[2026-01-06 18:02:37.170] POST   | https://dev-api-yodadiagnostics.yodaprojects.com/order_tracking/updateOrderTracking                                      |   193 ms | Status: PASS
